
  .   ____          _            __ _ _
 /\\ / ___'_ __ _ _(_)_ __  __ _ \ \ \ \
( ( )\___ | '_ | '_| | '_ \/ _` | \ \ \ \
 \\/  ___)| |_)| | | | | || (_| |  ) ) ) )
  '  |____| .__|_| |_|_| |_\__, | / / / /
 =========|_|==============|___/=/_/_/_/

 :: Spring Boot ::                (v3.3.5)

2026-09-18T01:38:59.320+02:00  INFO 21492 --- [           main] com.example.demo.DemoApplication         : Starting DemoApplication v0.0.1-SNAPSHOT using Java 25 with PID 21492 (C:\Users\Andrzej\Downloads\sdlc\cronova\workspaces\springboot-demo\demo\target\demo-0.0.1-SNAPSHOT.jar started by Andrzej in C:\Users\Andrzej\Downloads\sdlc\cronova\workspaces\springboot-demo\demo)
2026-09-18T01:38:59.328+02:00  INFO 21492 --- [           main] com.example.demo.DemoApplication         : No active profile set, falling back to 1 default profile: "default"
2026-09-18T01:39:02.112+02:00  INFO 21492 --- [           main] o.s.b.w.embedded.tomcat.TomcatWebServer  : Tomcat initialized with port 18080 (http)
2026-09-18T01:39:02.153+02:00  INFO 21492 --- [           main] o.apache.catalina.core.StandardService   : Starting service [Tomcat]
2026-09-18T01:39:02.154+02:00  INFO 21492 --- [           main] o.apache.catalina.core.StandardEngine    : Starting Servlet engine: [Apache Tomcat/10.1.31]
2026-09-18T01:39:02.204+02:00  INFO 21492 --- [           main] o.a.c.c.C.[Tomcat].[localhost].[/]       : Initializing Spring embedded WebApplicationContext
2026-09-18T01:39:02.206+02:00  INFO 21492 --- [           main] w.s.c.ServletWebServerApplicationContext : Root WebApplicationContext: initialization completed in 2798 ms
2026-09-18T01:39:02.999+02:00  INFO 21492 --- [           main] o.s.b.w.embedded.tomcat.TomcatWebServer  : Tomcat started on port 18080 (http) with context path '/'
2026-09-18T01:39:03.035+02:00  INFO 21492 --- [           main] com.example.demo.DemoApplication         : Started DemoApplication in 4.38 seconds (process running for 5.096)
2026-09-18T01:39:36.261+02:00  INFO 21492 --- [io-18080-exec-1] o.a.c.c.C.[Tomcat].[localhost].[/]       : Initializing Spring DispatcherServlet 'dispatcherServlet'
2026-09-18T01:39:36.261+02:00  INFO 21492 --- [io-18080-exec-1] o.s.web.servlet.DispatcherServlet        : Initializing Servlet 'dispatcherServlet'
2026-09-18T01:39:36.262+02:00  INFO 21492 --- [io-18080-exec-1] o.s.web.servlet.DispatcherServlet        : Completed initialization in 0 ms
2026-09-18T01:39:40.660+02:00  WARN 21492 --- [io-18080-exec-2] .w.s.m.s.DefaultHandlerExceptionResolver : Resolved [org.springframework.http.converter.HttpMessageNotReadableException: JSON parse error: Unexpected character ('n' (code 110)): was expecting double-quote to start field name]
2026-09-18T01:39:44.058+02:00  WARN 21492 --- [io-18080-exec-3] .w.s.m.s.DefaultHandlerExceptionResolver : Resolved [org.springframework.http.converter.HttpMessageNotReadableException: JSON parse error: Unexpected character ('i' (code 105)): was expecting double-quote to start field name]
2026-09-18T01:39:59.412+02:00  WARN 21492 --- [io-18080-exec-4] .w.s.m.s.DefaultHandlerExceptionResolver : Resolved [org.springframework.http.converter.HttpMessageNotReadableException: JSON parse error: Unexpected character ('n' (code 110)): was expecting double-quote to start field name]
2026-09-18T01:40:08.836+02:00  WARN 21492 --- [io-18080-exec-5] .w.s.m.s.DefaultHandlerExceptionResolver : Resolved [org.springframework.http.converter.HttpMessageNotReadableException: JSON parse error: Unexpected character ('i' (code 105)): was expecting double-quote to start field name]
2026-09-18T01:40:31.352+02:00  WARN 21492 --- [io-18080-exec-6] .w.s.m.s.DefaultHandlerExceptionResolver : Resolved [org.springframework.http.converter.HttpMessageNotReadableException: JSON parse error: Unexpected character ('n' (code 110)): was expecting double-quote to start field name]
2026-09-18T01:40:35.727+02:00  WARN 21492 --- [io-18080-exec-7] .w.s.m.s.DefaultHandlerExceptionResolver : Resolved [org.springframework.http.converter.HttpMessageNotReadableException: JSON parse error: Unexpected character ('n' (code 110)): was expecting double-quote to start field name]
2026-09-18T01:40:39.441+02:00  WARN 21492 --- [io-18080-exec-8] .w.s.m.s.DefaultHandlerExceptionResolver : Resolved [org.springframework.http.converter.HttpMessageNotReadableException: JSON parse error: Unexpected character ('n' (code 110)): was expecting double-quote to start field name]
2026-09-18T01:40:43.162+02:00  WARN 21492 --- [io-18080-exec-9] .w.s.m.s.DefaultHandlerExceptionResolver : Resolved [org.springframework.http.converter.HttpMessageNotReadableException: JSON parse error: Unexpected character ('n' (code 110)): was expecting double-quote to start field name]
