[INFO] Scanning for projects...
[INFO] 
[INFO] --------------------------< com.example:demo >--------------------------
[INFO] Building demo 0.0.1-SNAPSHOT
[INFO]   from pom.xml
[INFO] --------------------------------[ jar ]---------------------------------
[INFO] 
[INFO] --- resources:3.3.1:resources (default-resources) @ demo ---
[INFO] skip non existing resourceDirectory C:\Users\Andrzej\Downloads\sdlc\cronova\workspaces\springboot-demo\demo\src\main\resources
[INFO] skip non existing resourceDirectory C:\Users\Andrzej\Downloads\sdlc\cronova\workspaces\springboot-demo\demo\src\main\resources
[INFO] 
[INFO] --- compiler:3.13.0:compile (default-compile) @ demo ---
[INFO] Nothing to compile - all classes are up to date.
[INFO] ------------------------------------------------------------------------
[INFO] BUILD SUCCESS
[INFO] ------------------------------------------------------------------------
[INFO] Total time:  2.647 s
[INFO] Finished at: 2026-09-18T10:08:48+02:00
[INFO] ------------------------------------------------------------------------
