[INFO] Scanning for projects...
[INFO] 
[INFO] -------------------< com.example.items:item-service >-------------------
[INFO] Building item-service 0.0.1-SNAPSHOT
[INFO]   from pom.xml
[INFO] --------------------------------[ jar ]---------------------------------
[INFO] 
[INFO] --- resources:3.3.1:resources (default-resources) @ item-service ---
[INFO] Copying 1 resource from src\main\resources to target\classes
[INFO] Copying 0 resource from src\main\resources to target\classes
[INFO] 
[INFO] --- compiler:3.14.1:compile (default-compile) @ item-service ---
[INFO] Nothing to compile - all classes are up to date.
[INFO] 
[INFO] --- resources:3.3.1:testResources (default-testResources) @ item-service ---
[INFO] skip non existing resourceDirectory C:\Users\Andrzej\Downloads\sdlc\cronova\.workspaces\springboot\src\test\resources
[INFO] 
[INFO] --- compiler:3.14.1:testCompile (default-testCompile) @ item-service ---
[INFO] Nothing to compile - all classes are up to date.
[INFO] 
[INFO] --- surefire:3.5.4:test (default-test) @ item-service ---
[INFO] Tests are skipped.
[INFO] 
[INFO] --- jar:3.4.2:jar (default-jar) @ item-service ---
[INFO] Building jar: C:\Users\Andrzej\Downloads\sdlc\cronova\.workspaces\springboot\target\item-service-0.0.1-SNAPSHOT.jar
[INFO] 
[INFO] --- spring-boot:4.0.0:repackage (repackage) @ item-service ---
[INFO] Replacing main artifact C:\Users\Andrzej\Downloads\sdlc\cronova\.workspaces\springboot\target\item-service-0.0.1-SNAPSHOT.jar with repackaged archive, adding nested dependencies in BOOT-INF/.
[INFO] The original artifact has been renamed to C:\Users\Andrzej\Downloads\sdlc\cronova\.workspaces\springboot\target\item-service-0.0.1-SNAPSHOT.jar.original
[INFO] ------------------------------------------------------------------------
[INFO] BUILD SUCCESS
[INFO] ------------------------------------------------------------------------
[INFO] Total time:  5.930 s
[INFO] Finished at: 2026-09-25T22:53:46+02:00
[INFO] ------------------------------------------------------------------------
